// Vitest Snapshot v1, https://vitest.dev/guide/snapshot.html

exports[`errors-page template > renders the errors page with client and server errors 1`] = `
"---
title: Errors
description: SDK error codes reference
---

## Example

\`\`\`typescript
import { SDK_CLIENT_ERROR_CODES, SDK_SERVER_ERROR_CODES } from "@qvac/sdk";

try {
  await loadModel({ modelSrc: "/path/to/model.gguf", modelType: "llm" });
} catch (error) {
  if (error.code === SDK_SERVER_ERROR_CODES.MODEL_LOAD_FAILED) {
    // handle model load failure
  }
}
\`\`\`

## Client errors

Thrown on the client side (response validation, RPC, provider). Access via \`SDK_CLIENT_ERROR_CODES.{ERROR_NAME}\`.

| Error | Code | Summary | Thrown by |
| --- | --- | --- | --- |
| \`INVALID_RESPONSE_TYPE\` | 50001 | Invalid response type received. | — |
| \`RPC_CONNECTION_FAILED\` | 50203 | RPC connection failed. | — |

## Server errors

Thrown by the server (model operations, downloads, cache, RAG). Access via \`SDK_SERVER_ERROR_CODES.{ERROR_NAME}\`.

| Error | Code | Summary | Thrown by |
| --- | --- | --- | --- |
| \`MODEL_NOT_FOUND\` | 52002 | Model ID not found in the registry. | — |
| \`DOWNLOAD_CANCELLED\` | 53001 | Download cancelled. | — |"
`;

exports[`function-page template > renders a full function with all sections 1`] = `
"---
title: "completion( )"
titleStyle: code
description: Generates completion from a language model.
---

<Callout type="warn" title="Deprecated">
Use completionV2() instead.
</Callout>

\`\`\`ts
function completion(params: CompletionParams): CompletionResult
\`\`\`

## Parameters

| Name | Type | Required? | Description |
| --- | --- | :---: | --- |
| params | [\`CompletionParams\`](#completionparams) | ✓ | The completion parameters |

### \`CompletionParams\`

| Field | Type | Required? | Description |
| --- | --- | :---: | --- |
| modelId | \`string\` | ✓ | The model identifier |
| history | \`HistoryMessage[]\` | ✓ | Array of messages |
| stream | \`boolean\` | ✗ | Whether to stream tokens |

#### \`HistoryMessage\`

| Field | Type | Required? | Description |
| --- | --- | :---: | --- |
| role | \`string\` | ✓ | Message role |
| content | \`string\` | ✓ | Message content |

## Returns

The completion result object.

### \`CompletionResult\`

| Field | Type | Description |
| --- | --- | --- |
| text | \`Promise<string>\` | Complete generated text |
| stats | \`CompletionStats \\| —\` | Performance statistics |

### \`CompletionStats\`

| Field | Type | Required? | Description |
| --- | --- | :---: | --- |
| tokensPerSecond | \`number\` | ✓ | Tokens per second |

## Throws

| Error | When |
| --- | --- |
| \`INVALID_TOOLS_ARRAY\` | Invalid tools array provided |
| \`COMPLETION_FAILED\` | Completion failed |

## Example

\`\`\`typescript
const result = completion({ modelId: "llama-2", history: [{ role: "user", content: "Hello" }] });
\`\`\`"
`;

exports[`function-page template > renders a minimal function (no optional sections) 1`] = `
"---
title: "ping( )"
titleStyle: code
description: Sends a ping request to the server.
---

\`\`\`ts
function ping(): Promise<{ type: "pong"; number: number }>
\`\`\`


## Returns

The pong response."
`;

exports[`index-page template > renders the index page 1`] = `
"---
title: "@qvac/sdk"
titleStyle: code
description: API reference — v0.8.0
---

## Overview

\`@qvac/sdk\` npm package exposes a function-centric, typed JS API.

## Functions

| Function | Summary |
| --- | --- |
| [\`completion()\`](./completion) | Generates completion from a language model. |
| [\`ping()\`](./ping) | Sends a ping request to the server. |

## Shared types

<Card href="./shared-types" title="Shared types">
  Common type definitions used across SDK functions.
</Card>

## Errors

<Card href="./errors" title="Error codes">
  All errors thrown by the SDK and how to handle them via \`SDK_CLIENT_ERROR_CODES\` and \`SDK_SERVER_ERROR_CODES\`.
</Card>"
`;

exports[`object-page template > renders an object page with fields 1`] = `
"---
title: "CompletionParams"
titleStyle: code
description: Parameters for the completion function.
---

## Fields

| Field | Type | Required? | Description |
| --- | --- | :---: | --- |
| modelId | \`string\` | ✓ | The model identifier |
| stream | \`boolean\` | ✗ | Whether to stream |"
`;

exports[`renderExpandedTypes > renders a flat expanded type 1`] = `
"### \`Options\`

| Field | Type | Required? | Description |
| --- | --- | :---: | --- |
| timeout | \`number\` | ✓ | Timeout in ms |
| retries | \`number\` | ✗ | — |"
`;

exports[`renderExpandedTypes > renders nested expanded types 1`] = `
"### \`Outer\`

| Field | Type | Required? | Description |
| --- | --- | :---: | --- |
| inner | \`Inner\` | ✓ | Nested |

#### \`Inner\`

| Field | Type | Required? | Description |
| --- | --- | :---: | --- |
| value | \`string\` | ✓ | The value |"
`;

exports[`shared-types template > renders a shared types page 1`] = `
"---
title: Shared types
description: Shared type definitions used across SDK functions.
---

## \`ModelType\`

Supported model types.

\`\`\`ts
type ModelType = "llm" | "embed" | "tts"
\`\`\`

## \`CachePolicy\`

Cache eviction policies.

\`\`\`ts
type CachePolicy = "lru" | "fifo"
\`\`\`"
`;
